
> nova-restaurant-digital-experience@1.0.0 build
> tsc && node ./node_modules/vite/bin/vite.js build

[36mvite v4.5.14 [32mbuilding for production...[36m[39m
transforming...
[32m✓[39m 59 modules transformed.
rendering chunks...
computing gzip size...
[2mdist/[22m[32mindex.html                 [39m[1m[2m  1.52 kB[22m[1m[22m[2m │ gzip:  0.67 kB[22m
[2mdist/[22m[35massets/index-adb1a7aa.css  [39m[1m[2m 33.94 kB[22m[1m[22m[2m │ gzip:  6.79 kB[22m
[2mdist/[22m[36massets/index-87f5ccbd.js   [39m[1m[2m277.27 kB[22m[1m[22m[2m │ gzip: 82.92 kB[22m
[32m✓ built in 3.38s[39m
